zsh: command not found: add-gf
